load("@aspect_rules_ts//ts:defs.bzl", "ts_project")

# gazelle:ts_validate_import_statements false

ts_project(
    name = "validate_import_statements_off",
    srcs = ["main.ts"],
)