load("@aspect_rules_ts//ts:defs.bzl", "ts_project")

ts_project(
    name = "simple_json_import",
    srcs = [
        "data.json",
        "main.ts",
    ],
)
