load("@aspect_rules_ts//ts:defs.bzl", "ts_project")

ts_project(
    name = "simple_import_parentdir",
    srcs = [
        "lib.ts",
        "subdir/main.ts",
    ],
)