load("@aspect_rules_ts//ts:defs.bzl", "ts_project")

ts_project(
    name = "tests_nolib_tests",
    srcs = ["main.spec.ts"],
)
