{"compilerOptions":{"allowJs":false,"declaration":false,"declarationMap":false,"emitDeclarationOnly":false,"noEmit":false,"resolveJsonModule":null,"sourceMap":false},"files":["./index.ts", "./../../examples/global_dts_generated_tsconfig/index.d.ts", "./../../examples/global_dts_generated_tsconfig/global.d.ts"]}