load("@aspect_rules_ts//ts:defs.bzl", "ts_project")

ts_project(
    name = "tests_simple",
    srcs = ["main.ts"],
)

ts_project(
    name = "tests_simple_tests",
    srcs = [
        "main.spec.ts",
        "main.test.ts",
    ],
    deps = [":tests_simple"],
)
