load("@aspect_rules_ts//ts:defs.bzl", "ts_project")

# gazelle:ts_srcs_file_glob srcs/**/*.ts
# gazelle:ts_tests_file_glob tests/**/*.ts

ts_project(
    name = "tests_globs",
    srcs = ["srcs/main.ts"],
)

ts_project(
    name = "tests_globs_tests",
    srcs = ["tests/maintests.ts"],
    deps = [":tests_globs"],
)
