filegroup(
    name = "rules_conflicting_name_nojs",
)