load("@aspect_rules_ts//ts:defs.bzl", "ts_project")

ts_project(
    name = "simple_import_subdir_index",
    srcs = [
        "main.ts",
        "subdir/index.ts",
    ],
)