load("@aspect_rules_ts//ts:defs.bzl", "ts_project")

ts_project(
    name = "gazelle_disable",
    srcs = ["main.ts"],
)