load("@aspect_rules_ts//ts:defs.bzl", "ts_project")

ts_project(
    name = "simple_import_subproject",
    srcs = ["main.ts"],
    deps = ["//subproject"],
)